window 2026-07-10 18:00:00+00:00 .. 2026-10-08 18:00:00+00:00; 234 perps
[1/234] BTC: 2160 funding rows, 2161 candles (6s)
[2/234] ETH: 2160 funding rows, 2161 candles (7s)
[3/234] ATOM: 2160 funding rows, 2161 candles (7s)
[4/234] MATIC: 2160 funding rows, 0 candles (7s)
[5/234] DYDX: 2160 funding rows, 2161 candles (6s)
[6/234] SOL: 2160 funding rows, 2161 candles (8s)
[7/234] AVAX: 2160 funding rows, 2161 candles (6s)
[8/234] BNB: 2160 funding rows, 2161 candles (6s)
[9/234] APE: 2160 funding rows, 2161 candles (6s)
[10/234] OP: 2160 funding rows, 2161 candles (6s)
[11/234] LTC: 2160 funding rows, 2161 candles (5s)
[12/234] ARB: 2160 funding rows, 2161 candles (7s)
[13/234] DOGE: 2160 funding rows, 2161 candles (6s)
[14/234] INJ: 2160 funding rows, 2161 candles (6s)
[15/234] SUI: 2160 funding rows, 2161 candles (5s)
[16/234] kPEPE: 2160 funding rows, 2161 candles (6s)
[17/234] CRV: 2160 funding rows, 2161 candles (6s)
[18/234] LDO: 2160 funding rows, 2161 candles (6s)
[19/234] LINK: 2160 funding rows, 2161 candles (6s)
[20/234] STX: 2160 funding rows, 2161 candles (6s)
[21/234] RNDR: 2160 funding rows, 0 candles (5s)
[22/234] CFX: 2160 funding rows, 2161 candles (6s)
[23/234] FTM: 2160 funding rows, 0 candles (5s)
[24/234] GMX: 2160 funding rows, 2161 candles (6s)
[25/234] SNX: 2160 funding rows, 2161 candles (6s)
  429 rate limited, sleeping 5s
[26/234] XRP: 2160 funding rows, 2161 candles (11s)
[27/234] BCH: 2160 funding rows, 2161 candles (5s)
[28/234] APT: 2160 funding rows, 2161 candles (6s)
[29/234] AAVE: 2160 funding rows, 2161 candles (6s)
[30/234] COMP: 2160 funding rows, 2161 candles (6s)
[31/234] MKR: 2160 funding rows, 0 candles (6s)
[32/234] WLD: 2160 funding rows, 2161 candles (6s)
[33/234] FXS: 2160 funding rows, 0 candles (5s)
[34/234] HPOS: 2160 funding rows, 0 candles (6s)
[35/234] RLB: 2160 funding rows, 0 candles (5s)
[36/234] UNIBOT: 2160 funding rows, 0 candles (6s)
[37/234] YGG: 2160 funding rows, 2161 candles (7s)
[38/234] TRX: 2160 funding rows, 2161 candles (6s)
[39/234] kSHIB: 2160 funding rows, 2161 candles (7s)
[40/234] UNI: 2160 funding rows, 2161 candles (7s)
[41/234] SEI: 2160 funding rows, 2161 candles (6s)
[42/234] RUNE: 2160 funding rows, 2161 candles (6s)
[43/234] OX: 2160 funding rows, 0 candles (5s)
[44/234] FRIEND: 2160 funding rows, 0 candles (5s)
[45/234] SHIA: 2160 funding rows, 0 candles (5s)
[46/234] CYBER: 2160 funding rows, 0 candles (5s)
[47/234] ZRO: 2160 funding rows, 2161 candles (7s)
[48/234] BLZ: 2160 funding rows, 0 candles (5s)
[49/234] DOT: 2160 funding rows, 2161 candles (6s)
[50/234] BANANA: 2160 funding rows, 2161 candles (6s)
[51/234] TRB: 2160 funding rows, 2161 candles (7s)
[52/234] FTT: 2160 funding rows, 0 candles (6s)
[53/234] LOOM: 2160 funding rows, 0 candles (5s)
[54/234] OGN: 2160 funding rows, 0 candles (6s)
[55/234] RDNT: 2160 funding rows, 0 candles (5s)
  429 rate limited, sleeping 5s
[56/234] ARK: 2160 funding rows, 0 candles (11s)
[57/234] BNT: 2160 funding rows, 0 candles (6s)
[58/234] CANTO: 2160 funding rows, 0 candles (5s)
[59/234] REQ: 2160 funding rows, 0 candles (5s)
[60/234] BIGTIME: 2160 funding rows, 2161 candles (6s)
[61/234] KAS: 2160 funding rows, 2161 candles (7s)
[62/234] ORBS: 2160 funding rows, 0 candles (5s)
[63/234] BLUR: 2160 funding rows, 2161 candles (6s)
[64/234] TIA: 2160 funding rows, 2161 candles (6s)
[65/234] BSV: 2160 funding rows, 2161 candles (7s)
[66/234] ADA: 2160 funding rows, 2161 candles (7s)
[67/234] TON: 2160 funding rows, 0 candles (5s)
[68/234] MINA: 2160 funding rows, 2161 candles (6s)
[69/234] POLYX: 2160 funding rows, 2161 candles (6s)
[70/234] GAS: 2160 funding rows, 2161 candles (6s)
[71/234] PENDLE: 2160 funding rows, 2161 candles (6s)
[72/234] STG: 2160 funding rows, 0 candles (6s)
[73/234] FET: 2160 funding rows, 2161 candles (6s)
[74/234] STRAX: 2160 funding rows, 0 candles (6s)
[75/234] NEAR: 2160 funding rows, 2161 candles (6s)
[76/234] MEME: 2160 funding rows, 2161 candles (7s)
[77/234] ORDI: 2160 funding rows, 2161 candles (6s)
[78/234] BADGER: 2160 funding rows, 0 candles (5s)
[79/234] NEO: 2160 funding rows, 2161 candles (6s)
[80/234] ZEN: 2160 funding rows, 2161 candles (6s)
[81/234] FIL: 2160 funding rows, 2161 candles (6s)
[82/234] PYTH: 2160 funding rows, 2161 candles (6s)
[83/234] SUSHI: 2160 funding rows, 2161 candles (7s)
[84/234] ILV: 2160 funding rows, 0 candles (5s)
[85/234] IMX: 2160 funding rows, 2161 candles (6s)
  429 rate limited, sleeping 5s
[86/234] kBONK: 2160 funding rows, 2161 candles (11s)
[87/234] GMT: 2160 funding rows, 2161 candles (6s)
[88/234] SUPER: 2160 funding rows, 2161 candles (5s)
[89/234] USTC: 2160 funding rows, 0 candles (5s)
[90/234] NFTI: 2160 funding rows, 0 candles (5s)
[91/234] JUP: 2160 funding rows, 2161 candles (8s)
[92/234] kLUNC: 2160 funding rows, 2161 candles (6s)
[93/234] RSR: 2160 funding rows, 2161 candles (5s)
[94/234] GALA: 2160 funding rows, 2161 candles (7s)
[95/234] JTO: 2160 funding rows, 2161 candles (6s)
[96/234] NTRN: 2160 funding rows, 0 candles (5s)
[97/234] ACE: 2160 funding rows, 2161 candles (5s)
[98/234] MAV: 2160 funding rows, 0 candles (5s)
[99/234] WIF: 2160 funding rows, 2161 candles (7s)
[100/234] CAKE: 2160 funding rows, 2161 candles (6s)
[101/234] PEOPLE: 2160 funding rows, 2161 candles (6s)
[102/234] ENS: 2160 funding rows, 2161 candles (6s)
[103/234] ETC: 2160 funding rows, 2161 candles (6s)
[104/234] XAI: 2160 funding rows, 2161 candles (6s)
[105/234] MANTA: 2160 funding rows, 2161 candles (6s)
[106/234] UMA: 2160 funding rows, 2161 candles (5s)
[107/234] ONDO: 2160 funding rows, 2161 candles (5s)
[108/234] ALT: 2160 funding rows, 2161 candles (7s)
[109/234] ZETA: 2160 funding rows, 2161 candles (6s)
[110/234] DYM: 2160 funding rows, 2161 candles (6s)
[111/234] MAVIA: 2160 funding rows, 0 candles (6s)
[112/234] W: 2160 funding rows, 2161 candles (7s)
[113/234] PANDORA: 2160 funding rows, 0 candles (5s)
[114/234] STRK: 2160 funding rows, 2161 candles (6s)
[115/234] PIXEL: 2160 funding rows, 0 candles (5s)
[116/234] AI: 2160 funding rows, 0 candles (5s)
[117/234] TAO: 2160 funding rows, 2161 candles (6s)
[118/234] AR: 2160 funding rows, 2161 candles (7s)
[119/234] MYRO: 2160 funding rows, 0 candles (5s)
[120/234] kFLOKI: 2160 funding rows, 2161 candles (6s)
[121/234] BOME: 2160 funding rows, 2161 candles (6s)
[122/234] ETHFI: 2160 funding rows, 2161 candles (6s)
[123/234] ENA: 2160 funding rows, 2161 candles (7s)
[124/234] MNT: 2160 funding rows, 2161 candles (6s)
[125/234] TNSR: 2160 funding rows, 2161 candles (6s)
[126/234] SAGA: 2160 funding rows, 2161 candles (6s)
[127/234] MERL: 2160 funding rows, 2161 candles (7s)
[128/234] HBAR: 2160 funding rows, 2161 candles (7s)
[129/234] POPCAT: 2160 funding rows, 2161 candles (6s)
[130/234] OMNI: 2160 funding rows, 0 candles (6s)
[131/234] EIGEN: 2160 funding rows, 2161 candles (6s)
[132/234] REZ: 2160 funding rows, 2161 candles (7s)
[133/234] NOT: 2160 funding rows, 2161 candles (7s)
[134/234] TURBO: 2160 funding rows, 2161 candles (6s)
  429 rate limited, sleeping 5s
[135/234] BRETT: 2160 funding rows, 2161 candles (12s)
[136/234] IO: 2160 funding rows, 2161 candles (6s)
[137/234] ZK: 2160 funding rows, 2161 candles (6s)
[138/234] BLAST: 2160 funding rows, 0 candles (5s)
[139/234] LISTA: 2160 funding rows, 0 candles (5s)
[140/234] MEW: 2160 funding rows, 0 candles (6s)
[141/234] RENDER: 2160 funding rows, 2161 candles (5s)
[142/234] kDOGS: 2160 funding rows, 0 candles (5s)
[143/234] POL: 2160 funding rows, 2161 candles (7s)
[144/234] CATI: 2160 funding rows, 0 candles (5s)
[145/234] CELO: 2160 funding rows, 2161 candles (6s)
[146/234] HMSTR: 2160 funding rows, 2161 candles (6s)
[147/234] SCR: 2160 funding rows, 0 candles (6s)
[148/234] NEIROETH: 2160 funding rows, 0 candles (6s)
[149/234] kNEIRO: 2160 funding rows, 2161 candles (8s)
[150/234] GOAT: 2160 funding rows, 2161 candles (6s)
[151/234] MOODENG: 2160 funding rows, 2161 candles (7s)
[152/234] GRASS: 2160 funding rows, 2161 candles (6s)
[153/234] PURR: 2160 funding rows, 2161 candles (7s)
[154/234] PNUT: 2160 funding rows, 2161 candles (6s)
[155/234] XLM: 2160 funding rows, 2161 candles (6s)
[156/234] CHILLGUY: 2160 funding rows, 0 candles (6s)
[157/234] SAND: 2160 funding rows, 2161 candles (6s)
[158/234] IOTA: 2160 funding rows, 2161 candles (6s)
[159/234] ALGO: 2160 funding rows, 2161 candles (6s)
[160/234] HYPE: 2160 funding rows, 2161 candles (6s)
[161/234] ME: 2160 funding rows, 2161 candles (7s)
[162/234] MOVE: 2160 funding rows, 2161 candles (7s)
[163/234] VIRTUAL: 2160 funding rows, 2161 candles (6s)
[164/234] PENGU: 2160 funding rows, 2161 candles (6s)
[165/234] USUAL: 2160 funding rows, 2161 candles (5s)
[166/234] FARTCOIN: 2160 funding rows, 2161 candles (6s)
[167/234] AI16Z: 2160 funding rows, 0 candles (5s)
[168/234] AIXBT: 2160 funding rows, 2161 candles (7s)
[169/234] ZEREBRO: 2160 funding rows, 0 candles (5s)
[170/234] BIO: 2160 funding rows, 2161 candles (7s)
[171/234] GRIFFAIN: 2160 funding rows, 2161 candles (6s)
  429 rate limited, sleeping 5s
  429 rate limited, sleeping 5s
  429 rate limited, sleeping 10s
[172/234] SPX: 2160 funding rows, 2161 candles (26s)
[173/234] S: 2160 funding rows, 2161 candles (6s)
[174/234] MORPHO: 2160 funding rows, 2161 candles (7s)
[175/234] TRUMP: 2160 funding rows, 2161 candles (6s)
[176/234] MELANIA: 2160 funding rows, 2161 candles (7s)
[177/234] ANIME: 2160 funding rows, 2161 candles (7s)
[178/234] VINE: 2160 funding rows, 1121 candles (6s)
[179/234] VVV: 2160 funding rows, 2161 candles (7s)
[180/234] JELLY: 2160 funding rows, 0 candles (5s)
[181/234] BERA: 2160 funding rows, 2161 candles (6s)
[182/234] TST: 2160 funding rows, 0 candles (5s)
[183/234] LAYER: 2160 funding rows, 2161 candles (7s)
[184/234] IP: 2160 funding rows, 0 candles (6s)
[185/234] OM: 2160 funding rows, 0 candles (5s)
[186/234] KAITO: 2160 funding rows, 2161 candles (7s)
[187/234] NIL: 2160 funding rows, 2161 candles (7s)
[188/234] PAXG: 2160 funding rows, 2161 candles (7s)
[189/234] PROMPT: 2160 funding rows, 0 candles (5s)
[190/234] BABY: 2160 funding rows, 2161 candles (6s)
[191/234] WCT: 2160 funding rows, 2161 candles (7s)
[192/234] HYPER: 2160 funding rows, 2161 candles (7s)
[193/234] ZORA: 2160 funding rows, 2161 candles (6s)
[194/234] INIT: 2160 funding rows, 2161 candles (6s)
[195/234] DOOD: 2160 funding rows, 0 candles (5s)
[196/234] LAUNCHCOIN: 2160 funding rows, 0 candles (5s)
[197/234] NXPC: 2160 funding rows, 2161 candles (6s)
[198/234] SOPH: 2160 funding rows, 2161 candles (7s)
[199/234] RESOLV: 2160 funding rows, 2161 candles (5s)
[200/234] SYRUP: 2160 funding rows, 2161 candles (7s)
[201/234] PUMP: 2160 funding rows, 2161 candles (7s)
[202/234] PROVE: 2160 funding rows, 2161 candles (6s)
[203/234] YZY: 2160 funding rows, 0 candles (6s)
[204/234] XPL: 2160 funding rows, 2161 candles (6s)
[205/234] WLFI: 2160 funding rows, 2161 candles (7s)
[206/234] LINEA: 2160 funding rows, 2161 candles (6s)
[207/234] SKY: 2160 funding rows, 2161 candles (7s)
[208/234] ASTER: 2160 funding rows, 2161 candles (6s)
[209/234] AVNT: 2160 funding rows, 2161 candles (5s)
[210/234] STBL: 2160 funding rows, 2161 candles (6s)
[211/234] 0G: 2160 funding rows, 2161 candles (6s)
[212/234] HEMI: 2160 funding rows, 2161 candles (7s)
[213/234] APEX: 2160 funding rows, 2161 candles (7s)
[214/234] 2Z: 2160 funding rows, 2161 candles (7s)
window 2026-07-10 18:00:00+00:00 .. 2026-10-08 18:00:00+00:00; 234 perps
[215/234] ZEC: 2160 funding rows, 2161 candles (6s)
[216/234] MON: 2160 funding rows, 2161 candles (6s)
[217/234] MET: 2160 funding rows, 2161 candles (7s)
[218/234] MEGA: 2160 funding rows, 2161 candles (7s)
[219/234] CC: 2160 funding rows, 2161 candles (7s)
[220/234] ICP: 2160 funding rows, 2161 candles (8s)
[221/234] AERO: 2160 funding rows, 2161 candles (7s)
[222/234] STABLE: 2160 funding rows, 2161 candles (7s)
[223/234] FOGO: 2160 funding rows, 2161 candles (7s)
[224/234] LIT: 2160 funding rows, 2161 candles (6s)
[225/234] XMR: 2160 funding rows, 2161 candles (6s)
[226/234] AXS: 2160 funding rows, 2161 candles (6s)
[227/234] DASH: 2160 funding rows, 2161 candles (8s)
[228/234] SKR: 2160 funding rows, 2161 candles (7s)
[229/234] AZTEC: 2160 funding rows, 2161 candles (6s)
[230/234] CHIP: 2160 funding rows, 2161 candles (6s)
[231/234] GRAM: 2160 funding rows, 2161 candles (7s)
[232/234] CASHCAT: 2149 funding rows, 2151 candles (6s)
[233/234] PONS: 926 funding rows, 928 candles (4s)
[234/234] USELESS: 721 funding rows, 723 candles (3s)
done
